\BOOKMARK [1][-]{section.1}{\376\377\004\043\004\101\004\073\004\076\004\062\004\070\004\065}{}% 1
\BOOKMARK [2][-]{subsection.1.1}{\376\377\004\046\004\065\004\073\004\114\000\040\004\100\004\060\004\061\004\076\004\102\004\113}{section.1}% 2
\BOOKMARK [2][-]{subsection.1.2}{\376\377\004\027\004\060\004\064\004\060\004\075\004\070\004\065}{section.1}% 3
\BOOKMARK [1][-]{section.2}{\376\377\004\040\004\065\004\060\004\073\004\070\004\067\004\060\004\106\004\070\004\117}{}% 4
\BOOKMARK [2][-]{subsection.2.1}{\376\377\004\032\004\076\004\075\004\102\004\100\004\060\004\072\004\102\000\040\004\061\004\070\004\061\004\073\004\070\004\076\004\102\004\065\004\072}{section.2}% 5
\BOOKMARK [2][-]{subsection.2.2}{\376\377\004\022\004\060\004\100\004\070\004\060\004\075\004\102\004\113\000\040\004\100\004\065\004\060\004\073\004\070\004\067\004\060\004\106\004\070\004\070}{section.2}% 6
\BOOKMARK [1][-]{section.3}{\376\377\004\041\004\102\004\100\004\103\004\072\004\102\004\103\004\100\004\060\000\040\004\077\004\100\004\076\004\065\004\072\004\102\004\060}{}% 7
\BOOKMARK [2][-]{subsection.3.1}{\376\377\004\044\004\060\004\071\004\073\004\113\000\040\004\077\004\100\004\076\004\065\004\072\004\102\004\060}{section.3}% 8
\BOOKMARK [1][-]{section.4}{\376\377\004\040\004\065\004\060\004\073\004\070\004\067\004\060\004\106\004\070\004\117\000\040\004\061\004\070\004\061\004\073\004\070\004\076\004\102\004\065\004\072}{}% 9
\BOOKMARK [2][-]{subsection.4.1}{\376\377\004\061\004\070\004\061\004\073\004\070\004\076\004\102\004\065\004\072\004\060\000\040\004\064\004\073\004\117\000\040\004\077\004\076\004\070\004\101\004\072\004\060\000\040\004\077\004\100\004\076\004\070\004\067\004\062\004\076\004\064\004\075\004\076\004\071\000\040\000c\000o\000s\000\040\000\050\000c\000o\000s\000.\000h\000\051}{section.4}% 10
\BOOKMARK [2][-]{subsection.4.2}{\376\377\004\061\004\070\004\061\004\073\004\070\004\076\004\102\004\065\004\072\004\060\000\040\004\064\004\073\004\117\000\040\004\077\004\076\004\070\004\101\004\072\004\060\000\040\004\107\004\070\004\101\004\073\004\060\000\040\004\065\000\040\000\050\000e\000.\000h\000\051}{section.4}% 11
\BOOKMARK [2][-]{subsection.4.3}{\376\377\004\100\004\065\004\060\004\073\004\070\004\067\004\060\004\106\004\070\004\117\000\040\004\064\004\070\004\075\004\060\004\074\004\070\004\107\004\065\004\101\004\072\004\076\004\063\004\076\000\040\004\067\004\060\004\063\004\100\004\103\004\067\004\107\004\070\004\072\004\060\000\040\000\050\000D\000y\000n\000a\000m\000i\000c\000L\000o\000a\000d\000e\000r\000.\000h\000p\000p\000\051}{section.4}% 12
\BOOKMARK [1][-]{section.5}{\376\377\004\037\004\100\004\076\004\063\004\100\004\060\004\074\004\074\004\060\000\040\041\026\0001\000:\000\040\004\041\004\102\004\060\004\102\004\070\004\107\004\065\004\101\004\072\004\076\004\065\000\040\004\101\004\062\004\117\004\067\004\113\004\062\004\060\004\075\004\070\004\065}{}% 13
\BOOKMARK [2][-]{subsection.5.1}{\376\377\004\032\004\076\004\064\000\040\004\077\004\100\004\076\004\063\004\100\004\060\004\074\004\074\004\113}{section.5}% 14
\BOOKMARK [1][-]{section.6}{\376\377\004\037\004\100\004\076\004\063\004\100\004\060\004\074\004\074\004\060\000\040\041\026\0002\000:\000\040\004\024\004\070\004\075\004\060\004\074\004\070\004\107\004\065\004\101\004\072\004\060\004\117\000\040\004\067\004\060\004\063\004\100\004\103\004\067\004\072\004\060}{}% 15
\BOOKMARK [2][-]{subsection.6.1}{\376\377\004\032\004\076\004\064\000\040\004\077\004\100\004\076\004\063\004\100\004\060\004\074\004\074\004\113}{section.6}% 16
\BOOKMARK [1][-]{section.7}{\376\377\004\041\004\100\004\060\004\062\004\075\004\070\004\102\004\065\004\073\004\114\004\075\004\113\004\071\000\040\004\060\004\075\004\060\004\073\004\070\004\067}{}% 17
\BOOKMARK [2][-]{subsection.7.1}{\376\377\004\041\004\100\004\060\004\062\004\075\004\065\004\075\004\070\004\065\000\040\004\101\004\077\004\076\004\101\004\076\004\061\004\076\004\062\000\040\004\070\004\101\004\077\004\076\004\073\004\114\004\067\004\076\004\062\004\060\004\075\004\070\004\117\000\040\004\061\004\070\004\061\004\073\004\070\004\076\004\102\004\065\004\072}{section.7}% 18
\BOOKMARK [2][-]{subsection.7.2}{\376\377\004\037\004\100\004\065\004\070\004\074\004\103\004\111\004\065\004\101\004\102\004\062\004\060\000\040\004\070\000\040\004\075\004\065\004\064\004\076\004\101\004\102\004\060\004\102\004\072\004\070}{section.7}% 19
\BOOKMARK [1][-]{section.8}{\376\377\004\022\004\113\004\062\004\076\004\064}{}% 20
\BOOKMARK [2][-]{subsection.8.1}{\376\377\004\033\004\076\004\063\004\070\000\040\004\062\004\113\004\077\004\076\004\073\004\075\004\065\004\075\004\070\004\117\000\040\004\077\004\100\004\076\004\063\004\100\004\060\004\074\004\074\004\113}{section.8}% 21
